02:30:15 {'engineering_or_response_failure': 2, 'submitted': 3, 'started': 1}
02:32:15 {'engineering_or_response_failure': 2, 'submitted': 3, 'started': 1}
02:34:15 {'engineering_or_response_failure': 2, 'submitted': 3, 'started': 1}
02:36:15 {'engineering_or_response_failure': 2, 'submitted': 3, 'started': 1}
02:38:15 {'engineering_or_response_failure': 2, 'submitted': 3, 'started': 1, 'unresolved_public_evidence': 1}
02:40:15 {'engineering_or_response_failure': 2, 'submitted': 4, 'started': 1, 'unresolved_public_evidence': 1}
02:42:15 {'engineering_or_response_failure': 3, 'submitted': 4, 'unresolved_public_evidence': 1, 'started': 1}
02:44:15 {'engineering_or_response_failure': 3, 'submitted': 4, 'unresolved_public_evidence': 1, 'started': 1}
02:46:15 {'engineering_or_response_failure': 3, 'submitted': 4, 'unresolved_public_evidence': 1, 'started': 1, 'actor_call_limit': 1}
02:48:15 {'engineering_or_response_failure': 3, 'submitted': 4, 'unresolved_public_evidence': 1, 'started': 1, 'actor_call_limit': 1}
02:50:15 {'engineering_or_response_failure': 3, 'submitted': 4, 'unresolved_public_evidence': 1, 'started': 1, 'actor_call_limit': 1}
02:52:15 {'engineering_or_response_failure': 3, 'submitted': 4, 'unresolved_public_evidence': 1, 'started': 1, 'actor_call_limit': 1}
02:54:15 {'engineering_or_response_failure': 3, 'submitted': 4, 'unresolved_public_evidence': 1, 'started': 1, 'actor_call_limit': 1}
02:56:15 {'engineering_or_response_failure': 3, 'submitted': 4, 'unresolved_public_evidence': 1, 'started': 1, 'actor_call_limit': 1}
02:58:15 {'engineering_or_response_failure': 5, 'submitted': 4, 'unresolved_public_evidence': 1, 'started': 1, 'actor_call_limit': 1}
03:00:15 {'engineering_or_response_failure': 6, 'submitted': 4, 'unresolved_public_evidence': 1, 'actor_call_limit': 1, 'started': 1}
03:02:16 {'engineering_or_response_failure': 6, 'submitted': 5, 'unresolved_public_evidence': 1, 'actor_call_limit': 1, 'started': 1}
03:04:16 {'engineering_or_response_failure': 6, 'submitted': 5, 'unresolved_public_evidence': 1, 'actor_call_limit': 1, 'started': 1}
03:06:16 {'engineering_or_response_failure': 7, 'submitted': 5, 'unresolved_public_evidence': 1, 'actor_call_limit': 1, 'started': 1}
03:08:16 {'engineering_or_response_failure': 7, 'submitted': 6, 'unresolved_public_evidence': 1, 'actor_call_limit': 1, 'started': 1}
03:10:16 {'engineering_or_response_failure': 7, 'submitted': 6, 'unresolved_public_evidence': 1, 'actor_call_limit': 1, 'started': 1}
03:12:16 {'engineering_or_response_failure': 7, 'submitted': 6, 'unresolved_public_evidence': 1, 'actor_call_limit': 1, 'started': 1}
03:14:16 {'engineering_or_response_failure': 7, 'submitted': 6, 'unresolved_public_evidence': 1, 'actor_call_limit': 1, 'started': 1}
03:16:16 {'engineering_or_response_failure': 7, 'submitted': 6, 'unresolved_public_evidence': 1, 'actor_call_limit': 1, 'started': 1}
03:18:16 {'engineering_or_response_failure': 7, 'submitted': 6, 'unresolved_public_evidence': 1, 'actor_call_limit': 1, 'started': 1}
03:20:16 {'engineering_or_response_failure': 7, 'submitted': 7, 'unresolved_public_evidence': 1, 'actor_call_limit': 1, 'started': 1}
03:22:16 {'engineering_or_response_failure': 7, 'submitted': 8, 'unresolved_public_evidence': 1, 'actor_call_limit': 1, 'started': 1}
03:24:16 {'engineering_or_response_failure': 7, 'submitted': 8, 'unresolved_public_evidence': 1, 'actor_call_limit': 1, 'started': 1}
03:26:16 {'engineering_or_response_failure': 8, 'submitted': 9, 'unresolved_public_evidence': 1, 'actor_call_limit': 1, 'started': 1}
03:28:16 {'engineering_or_response_failure': 8, 'submitted': 9, 'unresolved_public_evidence': 1, 'actor_call_limit': 1, 'started': 1}
03:30:16 {'engineering_or_response_failure': 9, 'submitted': 9, 'unresolved_public_evidence': 1, 'actor_call_limit': 1, 'started': 1}
03:32:17 {'engineering_or_response_failure': 9, 'submitted': 9, 'unresolved_public_evidence': 1, 'actor_call_limit': 1, 'started': 1}
03:34:17 {'engineering_or_response_failure': 9, 'submitted': 9, 'unresolved_public_evidence': 1, 'actor_call_limit': 2, 'started': 1}
03:36:17 {'engineering_or_response_failure': 9, 'submitted': 9, 'unresolved_public_evidence': 1, 'actor_call_limit': 2, 'started': 1}
03:38:17 {'engineering_or_response_failure': 9, 'submitted': 9, 'unresolved_public_evidence': 1, 'actor_call_limit': 2, 'started': 1}
03:40:17 {'engineering_or_response_failure': 9, 'submitted': 9, 'unresolved_public_evidence': 1, 'actor_call_limit': 2, 'started': 1}
03:42:17 {'engineering_or_response_failure': 9, 'submitted': 9, 'unresolved_public_evidence': 1, 'actor_call_limit': 2, 'started': 1}
03:44:17 {'engineering_or_response_failure': 9, 'submitted': 9, 'unresolved_public_evidence': 1, 'actor_call_limit': 2, 'started': 1}
03:46:17 {'engineering_or_response_failure': 9, 'submitted': 9, 'unresolved_public_evidence': 1, 'actor_call_limit': 2, 'started': 1}
03:48:17 {'engineering_or_response_failure': 11, 'submitted': 9, 'unresolved_public_evidence': 1, 'actor_call_limit': 2, 'started': 1}
03:50:17 {'engineering_or_response_failure': 12, 'submitted': 9, 'unresolved_public_evidence': 1, 'actor_call_limit': 2, 'started': 1}
03:52:17 {'engineering_or_response_failure': 12, 'submitted': 10, 'unresolved_public_evidence': 1, 'actor_call_limit': 2, 'started': 1}
03:54:17 {'engineering_or_response_failure': 12, 'submitted': 10, 'unresolved_public_evidence': 1, 'actor_call_limit': 2, 'started': 1}
03:56:17 {'engineering_or_response_failure': 13, 'submitted': 10, 'unresolved_public_evidence': 1, 'actor_call_limit': 2, 'started': 1}
03:58:17 {'engineering_or_response_failure': 13, 'submitted': 11, 'unresolved_public_evidence': 1, 'actor_call_limit': 2, 'started': 1}
04:00:17 {'engineering_or_response_failure': 14, 'submitted': 12, 'unresolved_public_evidence': 1, 'actor_call_limit': 2, 'started': 1}
04:02:17 {'engineering_or_response_failure': 15, 'submitted': 12, 'unresolved_public_evidence': 1, 'actor_call_limit': 2, 'started': 1}
04:04:18 {'engineering_or_response_failure': 15, 'submitted': 13, 'unresolved_public_evidence': 1, 'actor_call_limit': 2, 'started': 1}
04:06:18 {'engineering_or_response_failure': 16, 'submitted': 14, 'unresolved_public_evidence': 1, 'actor_call_limit': 2, 'started': 1}
04:08:18 {'engineering_or_response_failure': 17, 'submitted': 15, 'unresolved_public_evidence': 1, 'actor_call_limit': 2, 'started': 1}
04:10:18 {'engineering_or_response_failure': 17, 'submitted': 15, 'unresolved_public_evidence': 1, 'actor_call_limit': 2, 'started': 1}
04:12:18 {'engineering_or_response_failure': 17, 'submitted': 15, 'unresolved_public_evidence': 1, 'actor_call_limit': 2, 'started': 1}
04:14:18 {'engineering_or_response_failure': 17, 'submitted': 16, 'unresolved_public_evidence': 1, 'actor_call_limit': 2, 'started': 1}
04:16:18 {'engineering_or_response_failure': 17, 'submitted': 17, 'unresolved_public_evidence': 1, 'actor_call_limit': 2, 'started': 1}
04:18:18 {'engineering_or_response_failure': 17, 'submitted': 17, 'unresolved_public_evidence': 1, 'actor_call_limit': 2, 'started': 1}
04:20:18 {'engineering_or_response_failure': 18, 'submitted': 18, 'unresolved_public_evidence': 1, 'actor_call_limit': 2, 'started': 1}
04:22:18 {'engineering_or_response_failure': 18, 'submitted': 18, 'unresolved_public_evidence': 1, 'actor_call_limit': 2, 'started': 1}
04:24:18 {'engineering_or_response_failure': 19, 'submitted': 18, 'unresolved_public_evidence': 1, 'actor_call_limit': 2, 'started': 1}
04:26:18 {'engineering_or_response_failure': 19, 'submitted': 19, 'unresolved_public_evidence': 1, 'actor_call_limit': 2, 'started': 1}
04:28:18 {'engineering_or_response_failure': 20, 'submitted': 20, 'unresolved_public_evidence': 1, 'actor_call_limit': 2, 'started': 1}
watcher-done
