START b001_official140_ordinary
END b001_official140_ordinary engineering_or_response_failure
START b001_official140_online_completion
END b001_official140_online_completion engineering_or_response_failure
START b001_clean140_ordinary
END b001_clean140_ordinary engineering_or_response_failure
START b001_clean140_online_completion
END b001_clean140_online_completion engineering_or_response_failure
START b002_official140_ordinary
END b002_official140_ordinary engineering_or_response_failure
START b002_official140_online_completion
END b002_official140_online_completion engineering_or_response_failure
START b002_clean140_ordinary
END b002_clean140_ordinary engineering_or_response_failure
START b002_clean140_online_completion
END b002_clean140_online_completion engineering_or_response_failure
START b003_official140_ordinary
END b003_official140_ordinary engineering_or_response_failure
START b003_official140_online_completion
END b003_official140_online_completion engineering_or_response_failure
START b003_clean140_ordinary
END b003_clean140_ordinary engineering_or_response_failure
START b003_clean140_online_completion
END b003_clean140_online_completion engineering_or_response_failure
START b004_official140_ordinary
END b004_official140_ordinary engineering_or_response_failure
START b004_official140_online_completion
END b004_official140_online_completion engineering_or_response_failure
START b004_clean140_ordinary
END b004_clean140_ordinary engineering_or_response_failure
START b004_clean140_online_completion
END b004_clean140_online_completion engineering_or_response_failure
START b005_official140_ordinary
END b005_official140_ordinary engineering_or_response_failure
START b005_official140_online_completion
END b005_official140_online_completion engineering_or_response_failure
START b005_clean140_ordinary
END b005_clean140_ordinary engineering_or_response_failure
START b005_clean140_online_completion
END b005_clean140_online_completion engineering_or_response_failure
START b006_official140_ordinary
END b006_official140_ordinary engineering_or_response_failure
START b006_official140_online_completion
END b006_official140_online_completion engineering_or_response_failure
START b006_clean140_ordinary
END b006_clean140_ordinary engineering_or_response_failure
START b006_clean140_online_completion
END b006_clean140_online_completion engineering_or_response_failure
START env001_official140_ordinary
END env001_official140_ordinary engineering_or_response_failure
START env001_official140_online_completion
END env001_official140_online_completion engineering_or_response_failure
START env001_clean140_ordinary
END env001_clean140_ordinary engineering_or_response_failure
START env001_clean140_online_completion
END env001_clean140_online_completion engineering_or_response_failure
START env002_official140_ordinary
END env002_official140_ordinary engineering_or_response_failure
START env002_official140_online_completion
END env002_official140_online_completion engineering_or_response_failure
START env002_clean140_ordinary
END env002_clean140_ordinary engineering_or_response_failure
START env002_clean140_online_completion
END env002_clean140_online_completion engineering_or_response_failure
START env003_official140_ordinary
END env003_official140_ordinary engineering_or_response_failure
START env003_official140_online_completion
END env003_official140_online_completion engineering_or_response_failure
START env003_clean140_ordinary
END env003_clean140_ordinary engineering_or_response_failure
START env003_clean140_online_completion
END env003_clean140_online_completion engineering_or_response_failure
START health001_official140_ordinary
END health001_official140_ordinary engineering_or_response_failure
START health001_official140_online_completion
END health001_official140_online_completion engineering_or_response_failure
START health001_clean140_ordinary
END health001_clean140_ordinary engineering_or_response_failure
START health001_clean140_online_completion
END health001_clean140_online_completion engineering_or_response_failure
START health002_official140_ordinary
END health002_official140_ordinary engineering_or_response_failure
START health002_official140_online_completion
END health002_official140_online_completion engineering_or_response_failure
START health002_clean140_ordinary
END health002_clean140_ordinary engineering_or_response_failure
START health002_clean140_online_completion
END health002_clean140_online_completion engineering_or_response_failure
START pub001_official140_ordinary
END pub001_official140_ordinary engineering_or_response_failure
START pub001_official140_online_completion
END pub001_official140_online_completion engineering_or_response_failure
START pub001_clean140_ordinary
END pub001_clean140_ordinary engineering_or_response_failure
START pub001_clean140_online_completion
END pub001_clean140_online_completion engineering_or_response_failure
DONE 48 units
