2026-09-28T16:15:12Z 173 {'plain': 140, 'v3': 33}  0 %
2026-09-28T16:20:12Z 278 {'plain': 245, 'v3': 33}  34 %
2026-09-28T16:25:12Z 319 {'plain': 280, 'v3': 39}  35 %
2026-09-28T16:30:12Z 334 {'plain': 280, 'v3': 54}  100 %
2026-09-28T16:35:12Z 369 {'plain': 280, 'v3': 89}  91 %
2026-09-28T16:40:12Z 410 {'plain': 280, 'v3': 130}  30 %
2026-09-28T16:45:12Z 466 {'plain': 280, 'v3': 146, 'v4': 40}  37 %
2026-09-28T16:50:12Z 515 {'plain': 280, 'v3': 146, 'v4': 89}  41 %
2026-09-28T16:55:12Z 562 {'plain': 280, 'v3': 146, 'v4': 136}  27 %
2026-09-28T17:00:13Z 605 {'plain': 280, 'v3': 146, 'v4': 140, 'v5': 39}  50 %
2026-09-28T17:05:13Z 653 {'plain': 280, 'v3': 146, 'v4': 140, 'v5': 87}  23 %
2026-09-28T17:10:13Z 705 {'plain': 280, 'v3': 146, 'v4': 140, 'v5': 139}  15 %
2026-09-28T17:15:13Z 752 {'plain': 280, 'v3': 146, 'v4': 140, 'v5': 140, 'v6': 46}  24 %
2026-09-28T17:20:13Z 787 {'plain': 280, 'v3': 146, 'v4': 140, 'v5': 140, 'v6': 81}  39 %
2026-09-28T17:25:13Z 837 {'plain': 280, 'v3': 146, 'v4': 140, 'v5': 140, 'v6': 131}  23 %
2026-09-28T17:30:13Z 895 {'plain': 280, 'v3': 146, 'v4': 140, 'v5': 140, 'v6': 140, 'v7': 49}  26 %
2026-09-28T17:35:14Z 942 {'plain': 280, 'v3': 146, 'v4': 140, 'v5': 140, 'v6': 140, 'v7': 96}  41 %
2026-09-28T17:40:14Z 986 {'plain': 280, 'v3': 146, 'v4': 140, 'v5': 140, 'v6': 140, 'v7': 140}  0 %
2026-09-28T17:45:14Z 1001 {'plain': 280, 'v3': 161, 'v4': 140, 'v5': 140, 'v6': 140, 'v7': 140}  15 %
2026-09-28T17:50:14Z 1019 {'plain': 280, 'v3': 179, 'v4': 140, 'v5': 140, 'v6': 140, 'v7': 140}  28 %
2026-09-28T17:55:14Z 1046 {'plain': 280, 'v3': 206, 'v4': 140, 'v5': 140, 'v6': 140, 'v7': 140}  64 %
2026-09-28T18:00:14Z 1071 {'plain': 280, 'v3': 231, 'v4': 140, 'v5': 140, 'v6': 140, 'v7': 140}  41 %
2026-09-28T18:05:14Z 1096 {'plain': 280, 'v3': 256, 'v4': 140, 'v5': 140, 'v6': 140, 'v7': 140}  30 %
2026-09-28T18:10:14Z 1123 {'plain': 280, 'v3': 277, 'v4': 146, 'v5': 140, 'v6': 140, 'v7': 140}  94 %
2026-09-28T18:15:14Z 1140 {'plain': 280, 'v3': 277, 'v4': 163, 'v5': 140, 'v6': 140, 'v7': 140}  40 %
2026-09-28T18:20:14Z 1159 {'plain': 280, 'v3': 277, 'v4': 182, 'v5': 140, 'v6': 140, 'v7': 140}  33 %
2026-09-28T18:25:15Z 1180 {'plain': 280, 'v3': 277, 'v4': 203, 'v5': 140, 'v6': 140, 'v7': 140}  30 %
2026-09-28T18:30:15Z 1206 {'plain': 280, 'v3': 277, 'v4': 229, 'v5': 140, 'v6': 140, 'v7': 140}  9 %
2026-09-28T18:35:15Z 1228 {'plain': 280, 'v3': 277, 'v4': 251, 'v5': 140, 'v6': 140, 'v7': 140}  51 %
2026-09-28T18:40:15Z 1255 {'plain': 280, 'v3': 277, 'v4': 276, 'v5': 142, 'v6': 140, 'v7': 140}  67 %
2026-09-28T18:45:15Z 1279 {'plain': 280, 'v3': 277, 'v4': 280, 'v5': 162, 'v6': 140, 'v7': 140}  100 %
2026-09-28T18:50:15Z 1304 {'plain': 280, 'v3': 277, 'v4': 280, 'v5': 187, 'v6': 140, 'v7': 140}  20 %
2026-09-28T18:55:16Z 1326 {'plain': 280, 'v3': 277, 'v4': 280, 'v5': 209, 'v6': 140, 'v7': 140}  47 %
2026-09-28T19:00:16Z 1348 {'plain': 280, 'v3': 277, 'v4': 280, 'v5': 231, 'v6': 140, 'v7': 140}  48 %
2026-09-28T19:05:16Z 1368 {'plain': 280, 'v3': 277, 'v4': 280, 'v5': 251, 'v6': 140, 'v7': 140}  18 %
2026-09-28T19:10:16Z 1382 {'plain': 280, 'v3': 277, 'v4': 280, 'v5': 265, 'v6': 140, 'v7': 140}  0 %
2026-09-28T19:15:16Z 1382 {'plain': 280, 'v3': 277, 'v4': 280, 'v5': 265, 'v6': 140, 'v7': 140}  0 %
